// Jest Snapshot v1, https://goo.gl/fbAQLP

exports[`render check 1`] = `
<View
  style={
    {
      "alignSelf": "center",
      "flex": 1,
    }
  }
>
  <View
    style={
      {
        "flex": 0.4,
        "paddingTop": 30,
      }
    }
  >
    <View
      accessibilityRole="button"
      accessibilityState={
        {
          "busy": undefined,
          "checked": undefined,
          "disabled": undefined,
          "expanded": undefined,
          "selected": undefined,
        }
      }
      accessibilityValue={
        {
          "max": undefined,
          "min": undefined,
          "now": undefined,
          "text": undefined,
        }
      }
      accessible={true}
      collapsable={false}
      focusable={true}
      onClick={[Function]}
      onResponderGrant={[Function]}
      onResponderMove={[Function]}
      onResponderRelease={[Function]}
      onResponderTerminate={[Function]}
      onResponderTerminationRequest={[Function]}
      onStartShouldSetResponder={[Function]}
      style={
        {
          "opacity": 1,
        }
      }
    >
      <View
        style={
          [
            {},
          ]
        }
      >
        <Text
          style={
            [
              {
                "color": "#007AFF",
                "fontSize": 18,
                "margin": 8,
                "textAlign": "center",
              },
            ]
          }
        >
          Login with Email
        </Text>
      </View>
    </View>
    <View
      style={
        {
          "padding": 10,
        }
      }
    />
    <View
      accessibilityRole="button"
      accessibilityState={
        {
          "busy": undefined,
          "checked": undefined,
          "disabled": undefined,
          "expanded": undefined,
          "selected": undefined,
        }
      }
      accessibilityValue={
        {
          "max": undefined,
          "min": undefined,
          "now": undefined,
          "text": undefined,
        }
      }
      accessible={true}
      collapsable={false}
      focusable={true}
      onClick={[Function]}
      onResponderGrant={[Function]}
      onResponderMove={[Function]}
      onResponderRelease={[Function]}
      onResponderTerminate={[Function]}
      onResponderTerminationRequest={[Function]}
      onStartShouldSetResponder={[Function]}
      style={
        {
          "opacity": 1,
        }
      }
    >
      <View
        style={
          [
            {},
          ]
        }
      >
        <Text
          style={
            [
              {
                "color": "#007AFF",
                "fontSize": 18,
                "margin": 8,
                "textAlign": "center",
              },
            ]
          }
        >
          Login with PhoneNumber
        </Text>
      </View>
    </View>
  </View>
  <TextInput
    onChangeText={[Function]}
    placeholder="Enter Email"
    style={
      {
        "borderRadius": 15,
        "borderWidth": 0.5,
        "margin": 15,
        "padding": 10,
        "paddingHorizontal": 45,
      }
    }
    testID="emailtext"
    value=""
  />
  <TextInput
    onChangeText={[Function]}
    placeholder="Enter Phonenumber"
    style={
      {
        "borderRadius": 15,
        "borderWidth": 0.5,
        "margin": 15,
        "padding": 10,
        "paddingHorizontal": 45,
      }
    }
    testID="phonetext"
    value=""
  />
  <Text
    style={
      {
        "color": "red",
        "marginTop": -15,
        "paddingLeft": 18,
      }
    }
  />
  <TextInput
    onChangeText={[Function]}
    passwordRules="(?=.*d)(?=.*[a-z])(?=.*[A-Z]).{8,}"
    placeholder="Enter Password"
    secureTextEntry={true}
    style={
      {
        "borderRadius": 15,
        "borderWidth": 0.5,
        "margin": 15,
        "padding": 10,
        "paddingHorizontal": 45,
      }
    }
    testID="passwordtest"
    value=""
  />
  <View
    accessibilityState={
      {
        "busy": undefined,
        "checked": undefined,
        "disabled": undefined,
        "expanded": undefined,
        "selected": undefined,
      }
    }
    accessibilityValue={
      {
        "max": undefined,
        "min": undefined,
        "now": undefined,
        "text": undefined,
      }
    }
    accessible={true}
    collapsable={false}
    focusable={true}
    onClick={[Function]}
    onResponderGrant={[Function]}
    onResponderMove={[Function]}
    onResponderRelease={[Function]}
    onResponderTerminate={[Function]}
    onResponderTerminationRequest={[Function]}
    onStartShouldSetResponder={[Function]}
    style={
      {
        "backgroundColor": "green",
        "borderRadius": 10,
        "opacity": 1,
        "padding": 10,
      }
    }
    testID="loginbtn"
  >
    <Text
      style={
        {
          "alignSelf": "center",
          "color": "#FFFFFF",
          "fontSize": 18,
          "fontWeight": "bold",
        }
      }
    >
      Login
    </Text>
  </View>
</View>
`;
